::1 - - [25/Apr/2020:19:04:58 +0000] "GET /api/test HTTP/1.1" 200 17 "-" "PostmanRuntime/7.24.1"
::1 - - [25/Apr/2020:19:05:01 +0000] "GET /api/test HTTP/1.1" 200 17 "-" "PostmanRuntime/7.24.1"
::1 - - [25/Apr/2020:19:05:49 +0000] "GET /api/test HTTP/1.1" 200 17 "-" "PostmanRuntime/7.24.1"
::1 - - [25/Apr/2020:19:08:46 +0000] "GET /api/test HTTP/1.1" 200 17 "-" "PostmanRuntime/7.24.1"
::1 - - [25/Apr/2020:19:10:03 +0000] "GET /api/register_login HTTP/1.1" 404 157 "-" "PostmanRuntime/7.24.1"
::1 - - [25/Apr/2020:19:10:23 +0000] "GET /api/register_login HTTP/1.1" 404 157 "-" "PostmanRuntime/7.24.1"
::1 - - [25/Apr/2020:19:10:32 +0000] "POST /api/register_login HTTP/1.1" 500 2261 "-" "PostmanRuntime/7.24.1"
::1 - - [25/Apr/2020:19:16:50 +0000] "POST /api/register_login HTTP/1.1" 400 26 "-" "PostmanRuntime/7.24.1"
::ffff:127.0.0.1 - - [25/Apr/2020:19:16:55 +0000] "POST /api/test HTTP/1.1" 200 18 "http://localhost:3000/" "Mozilla/5.0 (Macintosh; Intel Mac OS X 10_15_4) AppleWebKit/537.36 (KHTML, like Gecko) Chrome/81.0.4044.122 Safari/537.36"
::ffff:127.0.0.1 - - [25/Apr/2020:19:16:55 +0000] "GET /api/test HTTP/1.1" 200 17 "http://localhost:3000/" "Mozilla/5.0 (Macintosh; Intel Mac OS X 10_15_4) AppleWebKit/537.36 (KHTML, like Gecko) Chrome/81.0.4044.122 Safari/537.36"
::1 - - [25/Apr/2020:19:18:18 +0000] "POST /api/register_login HTTP/1.1" 400 26 "-" "PostmanRuntime/7.24.1"
::1 - - [25/Apr/2020:19:18:21 +0000] "POST /api/register_login HTTP/1.1" 400 26 "-" "PostmanRuntime/7.24.1"
::1 - - [25/Apr/2020:19:19:14 +0000] "POST /api/register_login HTTP/1.1" 400 26 "-" "PostmanRuntime/7.24.1"
::1 - - [25/Apr/2020:19:20:01 +0000] "POST /api/register_login HTTP/1.1" 400 26 "-" "PostmanRuntime/7.24.1"
::1 - - [25/Apr/2020:19:22:13 +0000] "POST /api/auth/register_login HTTP/1.1" 400 26 "-" "PostmanRuntime/7.24.1"
::1 - - [25/Apr/2020:19:22:14 +0000] "POST /api/auth/register_login HTTP/1.1" 400 26 "-" "PostmanRuntime/7.24.1"
::1 - - [25/Apr/2020:19:25:49 +0000] "POST /api/auth/register_login HTTP/1.1" 400 26 "-" "PostmanRuntime/7.24.1"
::1 - - [25/Apr/2020:19:29:13 +0000] "POST /api/auth/register_login HTTP/1.1" 400 26 "-" "PostmanRuntime/7.24.1"
::1 - - [25/Apr/2020:19:30:52 +0000] "POST /api/auth/register_login HTTP/1.1" 400 26 "-" "PostmanRuntime/7.24.1"
::1 - - [25/Apr/2020:19:30:53 +0000] "POST /api/auth/register_login HTTP/1.1" 400 26 "-" "PostmanRuntime/7.24.1"
::1 - - [25/Apr/2020:19:30:57 +0000] "POST /api/auth/register_login HTTP/1.1" 400 26 "-" "PostmanRuntime/7.24.1"
::ffff:127.0.0.1 - - [25/Apr/2020:19:34:25 +0000] "GET /api/test HTTP/1.1" 200 17 "http://localhost:3000/" "Mozilla/5.0 (Macintosh; Intel Mac OS X 10_15_4) AppleWebKit/537.36 (KHTML, like Gecko) Chrome/81.0.4044.122 Safari/537.36"
::ffff:127.0.0.1 - - [25/Apr/2020:19:34:25 +0000] "POST /api/test HTTP/1.1" 200 18 "http://localhost:3000/" "Mozilla/5.0 (Macintosh; Intel Mac OS X 10_15_4) AppleWebKit/537.36 (KHTML, like Gecko) Chrome/81.0.4044.122 Safari/537.36"
::1 - - [25/Apr/2020:19:41:14 +0000] "POST /api/auth/register_login HTTP/1.1" 500 2193 "-" "PostmanRuntime/7.24.1"
::1 - - [25/Apr/2020:19:41:38 +0000] "POST /api/auth/register_login HTTP/1.1" 400 45 "-" "PostmanRuntime/7.24.1"
::1 - - [25/Apr/2020:19:41:39 +0000] "POST /api/auth/register_login HTTP/1.1" 400 45 "-" "PostmanRuntime/7.24.1"
::ffff:127.0.0.1 - - [25/Apr/2020:19:51:40 +0000] "GET /api/test HTTP/1.1" 200 17 "http://localhost:3000/" "Mozilla/5.0 (Macintosh; Intel Mac OS X 10_15_4) AppleWebKit/537.36 (KHTML, like Gecko) Chrome/81.0.4044.122 Safari/537.36"
::ffff:127.0.0.1 - - [25/Apr/2020:19:51:40 +0000] "POST /api/test HTTP/1.1" 200 18 "http://localhost:3000/" "Mozilla/5.0 (Macintosh; Intel Mac OS X 10_15_4) AppleWebKit/537.36 (KHTML, like Gecko) Chrome/81.0.4044.122 Safari/537.36"
::1 - - [25/Apr/2020:19:51:50 +0000] "POST /api/auth/register_login HTTP/1.1" 400 45 "-" "PostmanRuntime/7.24.1"
::1 - - [25/Apr/2020:19:51:51 +0000] "POST /api/auth/register_login HTTP/1.1" 400 45 "-" "PostmanRuntime/7.24.1"
::1 - - [25/Apr/2020:19:51:52 +0000] "POST /api/auth/register_login HTTP/1.1" 400 45 "-" "PostmanRuntime/7.24.1"
::1 - - [25/Apr/2020:19:52:17 +0000] "POST /api/auth/register_login HTTP/1.1" 400 45 "-" "PostmanRuntime/7.24.1"
::ffff:127.0.0.1 - - [25/Apr/2020:19:53:36 +0000] "POST /api/test HTTP/1.1" 200 18 "http://localhost:3000/" "Mozilla/5.0 (Macintosh; Intel Mac OS X 10_15_4) AppleWebKit/537.36 (KHTML, like Gecko) Chrome/81.0.4044.122 Safari/537.36"
::ffff:127.0.0.1 - - [25/Apr/2020:19:53:36 +0000] "GET /api/test HTTP/1.1" 200 17 "http://localhost:3000/" "Mozilla/5.0 (Macintosh; Intel Mac OS X 10_15_4) AppleWebKit/537.36 (KHTML, like Gecko) Chrome/81.0.4044.122 Safari/537.36"
::1 - - [25/Apr/2020:19:53:55 +0000] "POST /api/auth/register_login HTTP/1.1" 500 2193 "-" "PostmanRuntime/7.24.1"
::1 - - [25/Apr/2020:19:53:56 +0000] "POST /api/auth/register_login HTTP/1.1" 500 2193 "-" "PostmanRuntime/7.24.1"
::1 - - [25/Apr/2020:19:54:41 +0000] "POST /api/auth/register_login HTTP/1.1" 400 26 "-" "PostmanRuntime/7.24.1"
::1 - - [25/Apr/2020:19:54:42 +0000] "POST /api/auth/register_login HTTP/1.1" 400 26 "-" "PostmanRuntime/7.24.1"
::1 - - [25/Apr/2020:19:54:43 +0000] "POST /api/auth/register_login HTTP/1.1" 400 26 "-" "PostmanRuntime/7.24.1"
::ffff:127.0.0.1 - - [25/Apr/2020:22:52:43 +0000] "GET /api/test HTTP/1.1" 200 17 "http://localhost:3000/" "Mozilla/5.0 (Macintosh; Intel Mac OS X 10_14_6) AppleWebKit/537.36 (KHTML, like Gecko) Chrome/80.0.3987.163 Safari/537.36"
::ffff:127.0.0.1 - - [25/Apr/2020:22:52:43 +0000] "POST /api/test HTTP/1.1" 200 18 "http://localhost:3000/" "Mozilla/5.0 (Macintosh; Intel Mac OS X 10_14_6) AppleWebKit/537.36 (KHTML, like Gecko) Chrome/80.0.3987.163 Safari/537.36"
::1 - - [25/Apr/2020:22:54:56 +0000] "GET /api/test HTTP/1.1" 200 17 "-" "PostmanRuntime/7.20.1"
::1 - - [25/Apr/2020:23:07:32 +0000] "POST /api/api/auth/login HTTP/1.1" 404 158 "-" "PostmanRuntime/7.20.1"
::1 - - [25/Apr/2020:23:08:29 +0000] "POST /api/api/auth/signup HTTP/1.1" 404 159 "-" "PostmanRuntime/7.20.1"
::1 - - [25/Apr/2020:23:09:08 +0000] "POST /api/api/auth/signup HTTP/1.1" 404 159 "-" "PostmanRuntime/7.20.1"
::1 - - [25/Apr/2020:23:09:47 +0000] "POST /api/auth/login HTTP/1.1" 400 2 "-" "PostmanRuntime/7.20.1"
::1 - - [25/Apr/2020:23:09:58 +0000] "POST /api/auth/login HTTP/1.1" 400 2 "-" "PostmanRuntime/7.20.1"
::1 - - [25/Apr/2020:23:10:39 +0000] "POST /api/auth/login HTTP/1.1" 400 2 "-" "PostmanRuntime/7.20.1"
::1 - - [25/Apr/2020:23:10:42 +0000] "POST /api/api/auth/signup HTTP/1.1" 404 159 "-" "PostmanRuntime/7.20.1"
::1 - - [25/Apr/2020:23:11:00 +0000] "POST /api/auth/signup HTTP/1.1" 400 2 "-" "PostmanRuntime/7.20.1"
::1 - - [25/Apr/2020:23:11:31 +0000] "POST /api/auth/signup HTTP/1.1" 400 797 "-" "PostmanRuntime/7.20.1"
::1 - - [25/Apr/2020:23:12:21 +0000] "POST /api/auth/signup HTTP/1.1" 400 326 "-" "PostmanRuntime/7.20.1"
::1 - - [25/Apr/2020:23:12:45 +0000] "POST /api/auth/signup HTTP/1.1" 400 169 "-" "PostmanRuntime/7.20.1"
::1 - - [25/Apr/2020:23:12:56 +0000] "POST /api/auth/signup HTTP/1.1" 400 2 "-" "PostmanRuntime/7.20.1"
::1 - - [25/Apr/2020:23:13:02 +0000] "POST /api/auth/signup HTTP/1.1" 400 170 "-" "PostmanRuntime/7.20.1"
::1 - - [25/Apr/2020:23:15:44 +0000] "POST /api/auth/signup HTTP/1.1" 400 2 "-" "PostmanRuntime/7.20.1"
::1 - - [25/Apr/2020:23:15:58 +0000] "POST /api/auth/signup HTTP/1.1" 400 170 "-" "PostmanRuntime/7.20.1"
::1 - - [25/Apr/2020:23:16:21 +0000] "POST /api/auth/signup HTTP/1.1" 400 2 "-" "PostmanRuntime/7.20.1"
::1 - - [25/Apr/2020:23:16:56 +0000] "POST /api/auth/signup HTTP/1.1" 400 2 "-" "PostmanRuntime/7.20.1"
::1 - - [25/Apr/2020:23:20:55 +0000] "POST /api/auth/signup HTTP/1.1" 400 2 "-" "PostmanRuntime/7.20.1"
::1 - - [25/Apr/2020:23:20:57 +0000] "POST /api/auth/signup HTTP/1.1" 400 170 "-" "PostmanRuntime/7.20.1"
::1 - - [25/Apr/2020:23:21:06 +0000] "POST /api/auth/signup HTTP/1.1" 400 2 "-" "PostmanRuntime/7.20.1"
::ffff:127.0.0.1 - - [25/Apr/2020:23:21:22 +0000] "GET /api/test HTTP/1.1" 200 17 "http://localhost:3000/" "Mozilla/5.0 (Macintosh; Intel Mac OS X 10_14_6) AppleWebKit/537.36 (KHTML, like Gecko) Chrome/80.0.3987.163 Safari/537.36"
::ffff:127.0.0.1 - - [25/Apr/2020:23:21:22 +0000] "POST /api/test HTTP/1.1" 200 18 "http://localhost:3000/" "Mozilla/5.0 (Macintosh; Intel Mac OS X 10_14_6) AppleWebKit/537.36 (KHTML, like Gecko) Chrome/80.0.3987.163 Safari/537.36"
::1 - - [25/Apr/2020:23:21:36 +0000] "POST /api/auth/signup HTTP/1.1" 400 2 "-" "PostmanRuntime/7.20.1"
::1 - - [25/Apr/2020:23:22:21 +0000] "POST /api/auth/signup HTTP/1.1" 201 538 "-" "PostmanRuntime/7.20.1"
::1 - - [25/Apr/2020:23:24:33 +0000] "POST /api/auth/signup HTTP/1.1" 201 584 "-" "PostmanRuntime/7.20.1"
::1 - - [25/Apr/2020:23:26:51 +0000] "POST /api/auth/signup HTTP/1.1" 400 109 "-" "PostmanRuntime/7.20.1"
::1 - - [25/Apr/2020:23:27:03 +0000] "POST /api/auth/signup HTTP/1.1" 400 171 "-" "PostmanRuntime/7.20.1"
::1 - - [25/Apr/2020:23:27:10 +0000] "POST /api/auth/signup HTTP/1.1" 400 109 "-" "PostmanRuntime/7.20.1"
::1 - - [25/Apr/2020:23:27:32 +0000] "POST /api/auth/signup HTTP/1.1" 201 585 "-" "PostmanRuntime/7.20.1"
::1 - - [25/Apr/2020:23:29:09 +0000] "POST /api/auth/signup HTTP/1.1" 201 585 "-" "PostmanRuntime/7.20.1"
::1 - - [25/Apr/2020:23:30:37 +0000] "POST /api/auth/signup HTTP/1.1" 201 583 "-" "PostmanRuntime/7.20.1"
::ffff:127.0.0.1 - - [25/Apr/2020:23:31:30 +0000] "GET /api/test HTTP/1.1" 200 17 "http://localhost:3000/" "Mozilla/5.0 (Macintosh; Intel Mac OS X 10_14_6) AppleWebKit/537.36 (KHTML, like Gecko) Chrome/80.0.3987.163 Safari/537.36"
::ffff:127.0.0.1 - - [25/Apr/2020:23:31:30 +0000] "POST /api/test HTTP/1.1" 200 18 "http://localhost:3000/" "Mozilla/5.0 (Macintosh; Intel Mac OS X 10_14_6) AppleWebKit/537.36 (KHTML, like Gecko) Chrome/80.0.3987.163 Safari/537.36"
::1 - - [25/Apr/2020:23:32:13 +0000] "POST /api/auth/login HTTP/1.1" 200 801 "-" "PostmanRuntime/7.20.1"
